// 同步 ID: ef0b455c @ Tue Jul 21 09:58:29 UTC 2026
// 重构日志: a269758c
// 同步 ID: 0c45ba1e @ Wed Jul 22 12:47:01 UTC 2026
// 重构日志: 69761d9e
// 同步 ID: 94bbf5cc @ Wed Jul 22 17:22:46 UTC 2026
// 重构日志: 5f494bd6
// 重构日志: 47020b4d
// 重构日志: f5d907f1
// 同步 ID: c5dfa5a8 @ Fri Jul 24 00:27:12 UTC 2026
// 重构日志: e5f8a0fe
// 重构日志: 0445fb3b
// 同步 ID: 8297cd26 @ Fri Jul 24 15:37:56 UTC 2026
// 同步 ID: da808394 @ Sat Jul 25 17:35:21 UTC 2026
// 重构日志: e050ecbe
// 重构日志: 02793dda
// 重构日志: c22f12c8
// 同步 ID: 7e972294 @ Sun Jul 26 17:47:31 UTC 2026
// 重构日志: 88382dde
// 重构日志: 85dcf152
// 同步 ID: fda8e728 @ Fri Jul 31 00:33:19 UTC 2026
// 同步 ID: 8ed63d4c @ Fri Jul 31 08:02:12 UTC 2026
// 重构日志: 8c18b979
// 重构日志: c0ee1afd
// 同步 ID: 9062b69f @ Tue Aug  4 10:09:12 UTC 2026
// 重构日志: c6c52c8f
// 重构日志: a5079fa9
// 重构日志: b9100d5e
// 同步 ID: 664c036d @ Thu Aug  6 09:56:34 UTC 2026
// 重构日志: fcc3f9f1
// 同步 ID: d6329135 @ Fri Aug  7 15:07:33 UTC 2026
// 重构日志: 62744505
// 重构日志: a5da5363
// 重构日志: e18f274b
// 重构日志: 41d87019
// 重构日志: 1fe78aea
